// Jest Snapshot v1, https://goo.gl/fbAQLP

exports[`<Button /> Spec Snapshots should render button using defaults 1`] = `
.c2 {
  grid-area: content;
}

.c0 {
  display: inline-block;
}

.c1 {
  display: grid;
  grid-template-areas: 'left-content content right-content';
  font-family: -apple-system, BlinkMacSystemFont, "Segoe UI", "Helvetica Neue", Helvetica, Arial, sans-serif, "Apple Color Emoji", "Segoe UI Emoji", "Segoe UI Symbol";
  border-radius: 100px;
  box-sizing: border-box;
  font-weight: 600;
  font-size: 14px;
  line-height: 16px;
  padding: 7px 14px;
  background: #ffffff;
  border: 1px solid rgba(0,0,0,0.1);
  box-shadow: 0 1px 3px rgba(0,0,0,0.04);
  color: #3e3e40;
}

.c1:hover {
  background: #e8eaed;
}

<div>
  <div
    class="c0"
  >
    <button
      class="c1"
    >
      <div
        class="c2"
      >
        Button
      </div>
    </button>
  </div>
</div>
`;

exports[`<Button /> Spec Snapshots should render different sized button 1`] = `
.c3 {
  grid-area: content;
}

.c1 {
  display: inline-block;
}

.c2 {
  display: grid;
  grid-template-areas: 'left-content content right-content';
  font-family: -apple-system, BlinkMacSystemFont, "Segoe UI", "Helvetica Neue", Helvetica, Arial, sans-serif, "Apple Color Emoji", "Segoe UI Emoji", "Segoe UI Symbol";
  border-radius: 100px;
  box-sizing: border-box;
  font-weight: 600;
  font-size: 16px;
  line-height: 20px;
  padding: 9px 14px;
  background: #ffffff;
  border: 1px solid rgba(0,0,0,0.1);
  box-shadow: 0 1px 3px rgba(0,0,0,0.04);
  color: #3e3e40;
}

.c2:hover {
  background: #e8eaed;
}

.c4 {
  display: grid;
  grid-template-areas: 'left-content content right-content';
  font-family: -apple-system, BlinkMacSystemFont, "Segoe UI", "Helvetica Neue", Helvetica, Arial, sans-serif, "Apple Color Emoji", "Segoe UI Emoji", "Segoe UI Symbol";
  border-radius: 100px;
  box-sizing: border-box;
  font-weight: 600;
  font-size: 14px;
  line-height: 16px;
  padding: 7px 14px;
  background: #ffffff;
  border: 1px solid rgba(0,0,0,0.1);
  box-shadow: 0 1px 3px rgba(0,0,0,0.04);
  color: #3e3e40;
}

.c4:hover {
  background: #e8eaed;
}

.c5 {
  display: grid;
  grid-template-areas: 'left-content content right-content';
  font-family: -apple-system, BlinkMacSystemFont, "Segoe UI", "Helvetica Neue", Helvetica, Arial, sans-serif, "Apple Color Emoji", "Segoe UI Emoji", "Segoe UI Symbol";
  border-radius: 100px;
  box-sizing: border-box;
  font-weight: 600;
  font-size: 13px;
  line-height: 16px;
  padding: 5px 12px;
  background: #ffffff;
  border: 1px solid rgba(0,0,0,0.1);
  box-shadow: 0 1px 3px rgba(0,0,0,0.04);
  color: #3e3e40;
}

.c5:hover {
  background: #e8eaed;
}

.c0 {
  display: -webkit-box;
  display: -webkit-flex;
  display: -ms-flexbox;
  display: flex;
  -webkit-flex-flow: row;
  -ms-flex-flow: row;
  flex-flow: row;
  gap: 8px;
  -webkit-box-pack: unset;
  -webkit-justify-content: unset;
  -ms-flex-pack: unset;
  justify-content: unset;
}

<div>
  <div
    class="c0"
  >
    <div
      class="c1"
    >
      <button
        class="c2"
      >
        <div
          class="c3"
        >
          Button
        </div>
      </button>
    </div>
    <div
      class="c1"
    >
      <button
        class="c4"
      >
        <div
          class="c3"
        >
          Button
        </div>
      </button>
    </div>
    <div
      class="c1"
    >
      <button
        class="c5"
      >
        <div
          class="c3"
        >
          Button
        </div>
      </button>
    </div>
  </div>
</div>
`;

exports[`<Button /> Spec Snapshots should render icon button 1`] = `
.c1 {
  width: 16px;
  height: 16px;
}

.c0 {
  background: transparent;
  border: none;
  padding: 7px;
  border-radius: 8px;
  color: #77787a;
  background: unset;
}

.c0:hover {
  color: #3e3e40;
  background: rgba(93,105,133,0.18);
}

<div>
  <button
    class="c0"
  >
    <div
      class="c1"
    >
      <div
        color=""
        height="16"
        name="Close"
        preserveaspectratio="none"
        width="16"
      />
    </div>
  </button>
</div>
`;

exports[`<Button /> Spec Snapshots should render icon-danger button 1`] = `
.c1 {
  width: 16px;
  height: 16px;
}

.c0 {
  background: transparent;
  border: none;
  padding: 7px;
  border-radius: 8px;
  color: #e9483a;
  background: unset;
}

.c0:hover {
  color: #b72215;
  background: rgba(93,105,133,0.18);
}

<div>
  <button
    class="c0"
  >
    <div
      class="c1"
    >
      <div
        color=""
        height="16"
        name="Close"
        preserveaspectratio="none"
        width="16"
      />
    </div>
  </button>
</div>
`;

exports[`<Button /> Spec Snapshots should render primary button 1`] = `
.c2 {
  grid-area: content;
}

.c0 {
  display: inline-block;
}

.c1 {
  display: grid;
  grid-template-areas: 'left-content content right-content';
  font-family: -apple-system, BlinkMacSystemFont, "Segoe UI", "Helvetica Neue", Helvetica, Arial, sans-serif, "Apple Color Emoji", "Segoe UI Emoji", "Segoe UI Symbol";
  border-radius: 100px;
  box-sizing: border-box;
  font-weight: 600;
  font-size: 14px;
  line-height: 16px;
  padding: 7px 14px;
  color: #ffffff;
  border: 1px solid transparent;
  box-shadow: 0 1px 3px rgba(0,0,0,0.15);
  background: #367fee;
}

.c1:hover {
  background: #2356b3;
}

<div>
  <div
    class="c0"
  >
    <button
      class="c1"
    >
      <div
        class="c2"
      >
        Button
      </div>
    </button>
  </div>
</div>
`;

exports[`<Button /> Spec Snapshots should render primary-danger button 1`] = `
.c2 {
  grid-area: content;
}

.c0 {
  display: inline-block;
}

.c1 {
  display: grid;
  grid-template-areas: 'left-content content right-content';
  font-family: -apple-system, BlinkMacSystemFont, "Segoe UI", "Helvetica Neue", Helvetica, Arial, sans-serif, "Apple Color Emoji", "Segoe UI Emoji", "Segoe UI Symbol";
  border-radius: 100px;
  box-sizing: border-box;
  font-weight: 600;
  font-size: 14px;
  line-height: 16px;
  padding: 7px 14px;
  color: #ffffff;
  border: 1px solid transparent;
  box-shadow: 0 1px 3px rgba(0,0,0,0.15);
  background: #e9483a;
}

.c1:hover {
  background: #b72215;
}

<div>
  <div
    class="c0"
  >
    <button
      class="c1"
    >
      <div
        class="c2"
      >
        Button
      </div>
    </button>
  </div>
</div>
`;

exports[`<Button /> Spec Snapshots should render secondary button 1`] = `
.c2 {
  grid-area: content;
}

.c0 {
  display: inline-block;
}

.c1 {
  display: grid;
  grid-template-areas: 'left-content content right-content';
  font-family: -apple-system, BlinkMacSystemFont, "Segoe UI", "Helvetica Neue", Helvetica, Arial, sans-serif, "Apple Color Emoji", "Segoe UI Emoji", "Segoe UI Symbol";
  border-radius: 100px;
  box-sizing: border-box;
  font-weight: 600;
  font-size: 14px;
  line-height: 16px;
  padding: 7px 14px;
  background: #ffffff;
  border: 1px solid rgba(0,0,0,0.1);
  box-shadow: 0 1px 3px rgba(0,0,0,0.04);
  color: #3e3e40;
}

.c1:hover {
  background: #e8eaed;
}

<div>
  <div
    class="c0"
  >
    <button
      class="c1"
    >
      <div
        class="c2"
      >
        Button
      </div>
    </button>
  </div>
</div>
`;

exports[`<Button /> Spec Snapshots should render secondary-danger button 1`] = `
.c2 {
  grid-area: content;
}

.c0 {
  display: inline-block;
}

.c1 {
  display: grid;
  grid-template-areas: 'left-content content right-content';
  font-family: -apple-system, BlinkMacSystemFont, "Segoe UI", "Helvetica Neue", Helvetica, Arial, sans-serif, "Apple Color Emoji", "Segoe UI Emoji", "Segoe UI Symbol";
  border-radius: 100px;
  box-sizing: border-box;
  font-weight: 600;
  font-size: 14px;
  line-height: 16px;
  padding: 7px 14px;
  background: #ffffff;
  border: 1px solid rgba(0,0,0,0.1);
  box-shadow: 0 1px 3px rgba(0,0,0,0.04);
  color: #e9483a;
}

.c1:hover {
  background: #e8eaed;
}

<div>
  <div
    class="c0"
  >
    <button
      class="c1"
    >
      <div
        class="c2"
      >
        Button
      </div>
    </button>
  </div>
</div>
`;

exports[`<Button /> Spec Snapshots should render tertiary button 1`] = `
.c2 {
  grid-area: content;
}

.c0 {
  display: inline-block;
}

.c1 {
  display: grid;
  grid-template-areas: 'left-content content right-content';
  font-family: -apple-system, BlinkMacSystemFont, "Segoe UI", "Helvetica Neue", Helvetica, Arial, sans-serif, "Apple Color Emoji", "Segoe UI Emoji", "Segoe UI Symbol";
  border-radius: 100px;
  box-sizing: border-box;
  font-weight: 600;
  font-size: 14px;
  line-height: 16px;
  padding: 7px 14px;
  background: transparent;
  border: 1px solid transparent;
  color: #367fee;
}

.c1:hover {
  background: rgba(93,105,133,0.1);
}

<div>
  <div
    class="c0"
  >
    <button
      class="c1"
    >
      <div
        class="c2"
      >
        Button
      </div>
    </button>
  </div>
</div>
`;
